---
source: crates/gr-parser-winamax/src/snapshot_tests.rs
expression: hands
---
[
    HandRecord {
        room_hand_id: "#1111111111111111111-1-1000000000",
        tournament_name: "EDGE CASE - SPECIAL PSEUDOS",
        tournament_room_id: "2222222222",
        table_name: "EDGE CASE - SPECIAL PSEUDOS(2222222222)#0001",
        table_max_seats: 6,
        button_seat: 1,
        level: 1,
        sb: Chips(
            50,
        ),
        bb: Chips(
            100,
        ),
        ante: Chips(
            10,
        ),
        played_at: 1767225600000,
        seats: [
            SeatInfo {
                seat: 1,
                pseudo: "Jean Dupont",
                starting_stack: Chips(
                    20000,
                ),
                bounty: None,
                dealt_in: true,
            },
            SeatInfo {
                seat: 2,
                pseudo: "Marie-Claire.99_x",
                starting_stack: Chips(
                    20000,
                ),
                bounty: None,
                dealt_in: true,
            },
            SeatInfo {
                seat: 3,
                pseudo: "Hero",
                starting_stack: Chips(
                    20000,
                ),
                bounty: None,
                dealt_in: true,
            },
        ],
        actions: [
            ActionRecord {
                street: Preflop,
                pseudo: "Jean Dupont",
                kind: PostAnte,
                amount: Some(
                    Chips(
                        10,
                    ),
                ),
                to_amount: None,
                is_all_in: false,
                pot: None,
                shown_cards: None,
                shown_label: None,
            },
            ActionRecord {
                street: Preflop,
                pseudo: "Marie-Claire.99_x",
                kind: PostAnte,
                amount: Some(
                    Chips(
                        10,
                    ),
                ),
                to_amount: None,
                is_all_in: false,
                pot: None,
                shown_cards: None,
                shown_label: None,
            },
            ActionRecord {
                street: Preflop,
                pseudo: "Hero",
                kind: PostAnte,
                amount: Some(
                    Chips(
                        10,
                    ),
                ),
                to_amount: None,
                is_all_in: false,
                pot: None,
                shown_cards: None,
                shown_label: None,
            },
            ActionRecord {
                street: Preflop,
                pseudo: "Marie-Claire.99_x",
                kind: PostSmallBlind,
                amount: Some(
                    Chips(
                        50,
                    ),
                ),
                to_amount: None,
                is_all_in: false,
                pot: None,
                shown_cards: None,
                shown_label: None,
            },
            ActionRecord {
                street: Preflop,
                pseudo: "Hero",
                kind: PostBigBlind,
                amount: Some(
                    Chips(
                        100,
                    ),
                ),
                to_amount: None,
                is_all_in: false,
                pot: None,
                shown_cards: None,
                shown_label: None,
            },
            ActionRecord {
                street: Preflop,
                pseudo: "Jean Dupont",
                kind: Fold,
                amount: None,
                to_amount: None,
                is_all_in: false,
                pot: None,
                shown_cards: None,
                shown_label: None,
            },
            ActionRecord {
                street: Preflop,
                pseudo: "Marie-Claire.99_x",
                kind: Fold,
                amount: None,
                to_amount: None,
                is_all_in: false,
                pot: None,
                shown_cards: None,
                shown_label: None,
            },
            ActionRecord {
                street: Preflop,
                pseudo: "Hero",
                kind: Collected,
                amount: Some(
                    Chips(
                        180,
                    ),
                ),
                to_amount: None,
                is_all_in: false,
                pot: Some(
                    Pot,
                ),
                shown_cards: None,
                shown_label: None,
            },
        ],
        board: [],
        pots: [
            PotResult {
                pot: Pot,
                amount: Chips(
                    180,
                ),
                winners: [
                    (
                        "Hero",
                        Chips(
                            180,
                        ),
                    ),
                ],
            },
        ],
        total_pot: Chips(
            180,
        ),
        rake: Chips(
            0,
        ),
        uncalled_excess: Chips(
            50,
        ),
        hero_pseudo: None,
        hero_cards: None,
        parser_version: "0.0.1",
    },
]
