---
source: crates/gr-parser-winamax/src/snapshot_tests.rs
expression: summary
---
TournamentSummary {
    room_tournament_id: "1174075270",
    name: "VELOCITY - SPACE KO",
    buyin_prize: Money(
        80,
    ),
    buyin_bounty: Money(
        100,
    ),
    buyin_fee: Money(
        20,
    ),
    mode: "tt",
    tournament_type: "knockout",
    speed: "semiturbo",
    flight_id: 0,
    bullets: [
        TournamentBullet {
            entry_no: 1,
            late_reg_bust: false,
            finish_position: Some(
                222,
            ),
            played_seconds: 5381,
            prize: Money(
                0,
            ),
            bounty: Money(
                100,
            ),
            registered_snapshot: 606,
        },
    ],
}
