---
source: crates/gr-parser-winamax/src/snapshot_tests.rs
expression: summary
---
TournamentSummary {
    room_tournament_id: "2222222222",
    name: "EDGE CASE - SPECIAL PSEUDOS",
    buyin_prize: Money(
        100,
    ),
    buyin_bounty: Money(
        0,
    ),
    buyin_fee: Money(
        0,
    ),
    mode: "tt",
    tournament_type: "normal",
    speed: "normal",
    flight_id: 0,
    bullets: [
        TournamentBullet {
            entry_no: 1,
            late_reg_bust: false,
            finish_position: Some(
                1,
            ),
            played_seconds: 60,
            prize: Money(
                100,
            ),
            bounty: Money(
                0,
            ),
            registered_snapshot: 3,
        },
    ],
}
